src/infrastructure/repositories/SupabaseAdmissionsRepository.ts(17,7): error TS2322: Type '{ tenantId: string; fullName: string; email: string | undefined; phone: string; gradeApplied: string; status: $Enums.EnquiryStatus; campusScope: CampusScope; notes: string | undefined; studentDob: Date | undefined; previousSchool: string | undefined; parentName: string; }' is not assignable to type '(Without<EnquiryCreateInput, EnquiryUncheckedCreateInput> & EnquiryUncheckedCreateInput) | (Without<...> & EnquiryCreateInput)'.
  Type '{ tenantId: string; fullName: string; email: string | undefined; phone: string; gradeApplied: string; status: $Enums.EnquiryStatus; campusScope: CampusScope; notes: string | undefined; studentDob: Date | undefined; previousSchool: string | undefined; parentName: string; }' is not assignable to type 'Without<EnquiryCreateInput, EnquiryUncheckedCreateInput> & EnquiryUncheckedCreateInput'.
    Property 'campusId' is missing in type '{ tenantId: string; fullName: string; email: string | undefined; phone: string; gradeApplied: string; status: $Enums.EnquiryStatus; campusScope: CampusScope; notes: string | undefined; studentDob: Date | undefined; previousSchool: string | undefined; parentName: string; }' but required in type 'EnquiryUncheckedCreateInput'.
src/infrastructure/repositories/SupabaseAdmissionsRepository.ts(88,7): error TS2322: Type '{ tenantId: string; enquiryId: string | undefined; fullName: string; email: string | undefined; phone: string; gradeApplyingFor: string; academicYear: string; campusScope: CampusScope; ... 12 more ...; previousGradePercentage: number | undefined; }' is not assignable to type '(Without<ApplicationCreateInput, ApplicationUncheckedCreateInput> & ApplicationUncheckedCreateInput) | (Without<...> & ApplicationCreateInput)'.
  Type '{ tenantId: string; enquiryId: string | undefined; fullName: string; email: string | undefined; phone: string; gradeApplyingFor: string; academicYear: string; campusScope: CampusScope; ... 12 more ...; previousGradePercentage: number | undefined; }' is not assignable to type 'Without<ApplicationCreateInput, ApplicationUncheckedCreateInput> & ApplicationUncheckedCreateInput'.
    Property 'campusId' is missing in type '{ tenantId: string; enquiryId: string | undefined; fullName: string; email: string | undefined; phone: string; gradeApplyingFor: string; academicYear: string; campusScope: CampusScope; ... 12 more ...; previousGradePercentage: number | undefined; }' but required in type 'ApplicationUncheckedCreateInput'.
src/infrastructure/repositories/SupabaseAdmissionsRepository.ts(190,11): error TS2322: Type 'CampusScope' is not assignable to type 'CampusType'.
  Type '"ALL"' is not assignable to type 'CampusType'.
src/infrastructure/repositories/SupabaseAdmissionsRepository.ts(212,9): error TS2322: Type '{ action: string; entityType: string; entityId: string; details: { applicationId: string; registrationNumber: string; }; userId: string | undefined; }' is not assignable to type '(Without<AuditLogCreateInput, AuditLogUncheckedCreateInput> & AuditLogUncheckedCreateInput) | (Without<...> & AuditLogCreateInput)'.
  Type '{ action: string; entityType: string; entityId: string; details: { applicationId: string; registrationNumber: string; }; userId: string | undefined; }' is not assignable to type 'Without<AuditLogUncheckedCreateInput, AuditLogCreateInput> & AuditLogCreateInput'.
    Property 'tenant' is missing in type '{ action: string; entityType: string; entityId: string; details: { applicationId: string; registrationNumber: string; }; userId: string | undefined; }' but required in type 'AuditLogCreateInput'.
src/interfaces/http/controllers/StudentController.ts(229,11): error TS2322: Type 'CampusType' is not assignable to type 'CampusScope | null | undefined'.
  Type '"DEGREE"' is not assignable to type 'CampusScope | null | undefined'.
src/interfaces/http/controllers/StudentController.ts(235,11): error TS2322: Type 'CampusType' is not assignable to type 'CampusScope | NullableEnumCampusScopeFieldUpdateOperationsInput | null | undefined'.
  Type '"DEGREE"' is not assignable to type 'CampusScope | NullableEnumCampusScopeFieldUpdateOperationsInput | null | undefined'.
src/interfaces/http/controllers/StudentController.ts(316,9): error TS2322: Type '{ registrationNumber: string; }' is not assignable to type 'StudentWhereUniqueInput'.
  Type '{ registrationNumber: string; }' is not assignable to type '{ id: string | StudentTenantIdCampusIdRegistrationNumberCompoundUniqueInput; portalAuthUserId: string | StudentTenantIdCampusIdRegistrationNumberCompoundUniqueInput; applicationId: string | StudentTenantIdCampusIdRegistrationNumberCompoundUniqueInput; tenantId_campusId_registrationNumber: string | StudentTenantIdCam...'.
    Type '{ registrationNumber: string; }' is missing the following properties from type '{ id: string | StudentTenantIdCampusIdRegistrationNumberCompoundUniqueInput; portalAuthUserId: string | StudentTenantIdCampusIdRegistrationNumberCompoundUniqueInput; applicationId: string | StudentTenantIdCampusIdRegistrationNumberCompoundUniqueInput; tenantId_campusId_registrationNumber: string | StudentTenantIdCam...': id, portalAuthUserId, applicationId, tenantId_campusId_registrationNumber
src/interfaces/http/controllers/StudentController.ts(400,9): error TS2322: Type '{ registrationNumber: string; }' is not assignable to type 'StudentWhereUniqueInput'.
  Type '{ registrationNumber: string; }' is not assignable to type '{ id: string | StudentTenantIdCampusIdRegistrationNumberCompoundUniqueInput; portalAuthUserId: string | StudentTenantIdCampusIdRegistrationNumberCompoundUniqueInput; applicationId: string | StudentTenantIdCampusIdRegistrationNumberCompoundUniqueInput; tenantId_campusId_registrationNumber: string | StudentTenantIdCam...'.
    Type '{ registrationNumber: string; }' is missing the following properties from type '{ id: string | StudentTenantIdCampusIdRegistrationNumberCompoundUniqueInput; portalAuthUserId: string | StudentTenantIdCampusIdRegistrationNumberCompoundUniqueInput; applicationId: string | StudentTenantIdCampusIdRegistrationNumberCompoundUniqueInput; tenantId_campusId_registrationNumber: string | StudentTenantIdCam...': id, portalAuthUserId, applicationId, tenantId_campusId_registrationNumber
